
> internship-pilot@0.1.0 start
> tsx scripts/start-all.ts --production

▲ Next.js 16.2.11
- Local:         http://localhost:3000
- Network:       http://192.168.0.207:3000
✓ Ready in 193ms
[scheduler] 2026-07-23T07:42:22.413Z starting persistent scheduler (survives restarts — all state is in SQLite)
Application worker ready (PID 42204, port 43127, profile C:\Users\Molhm\Desktop\Internship-AI\data\browser-profile, extension leapapdjnfkcngphlgalkkogkbojgkha).
[scheduler] 2026-07-23T07:44:22.455Z Verification queue: verified=0 needsReview=0 closed=0 quarantined=0 scored=0 errors=0
[scheduler] 2026-07-23T07:46:22.465Z Verification queue: verified=0 needsReview=0 closed=0 quarantined=0 scored=0 errors=0
[scheduler] 2026-07-23T07:47:22.456Z Gmail application tracking: skipped (Gmail not connected)
[scheduler] 2026-07-23T07:47:26.755Z Company Watchlist poll: checked=8
[scheduler] 2026-07-23T07:48:22.468Z Verification queue: verified=0 needsReview=0 closed=0 quarantined=0 scored=0 errors=0
[scheduler] 2026-07-23T07:50:22.477Z Verification queue: verified=0 needsReview=0 closed=0 quarantined=0 scored=0 errors=0
[scheduler] 2026-07-23T07:52:22.463Z Gmail application tracking: skipped (Gmail not connected)
[scheduler] 2026-07-23T07:52:22.483Z Verification queue: verified=0 needsReview=0 closed=0 quarantined=0 scored=0 errors=0
[scheduler] 2026-07-23T07:52:27.170Z Company Watchlist poll: checked=8
[scheduler] 2026-07-23T07:54:22.493Z Verification queue: verified=0 needsReview=0 closed=0 quarantined=0 scored=0 errors=0
[scheduler] 2026-07-23T07:56:22.505Z Verification queue: verified=0 needsReview=0 closed=0 quarantined=0 scored=0 errors=0
[scheduler] 2026-07-23T07:57:22.464Z Gmail application tracking: skipped (Gmail not connected)
[scheduler] 2026-07-23T07:57:28.506Z Company Watchlist poll: checked=8
[scheduler] 2026-07-23T07:58:22.510Z Verification queue: verified=0 needsReview=0 closed=0 quarantined=0 scored=0 errors=0
[scheduler] 2026-07-23T08:00:22.515Z Verification queue: verified=0 needsReview=0 closed=0 quarantined=0 scored=0 errors=0
[scheduler] 2026-07-23T08:02:22.479Z Gmail application tracking: skipped (Gmail not connected)
[scheduler] 2026-07-23T08:02:22.518Z Verification queue: verified=0 needsReview=0 closed=0 quarantined=0 scored=0 errors=0
[scheduler] 2026-07-23T08:02:26.985Z Company Watchlist poll: checked=8
[scheduler] 2026-07-23T08:04:22.533Z Verification queue: verified=0 needsReview=0 closed=0 quarantined=0 scored=0 errors=0
[scheduler] 2026-07-23T08:06:22.538Z Verification queue: verified=0 needsReview=0 closed=0 quarantined=0 scored=0 errors=0
[scheduler] 2026-07-23T08:07:22.488Z Gmail application tracking: skipped (Gmail not connected)
[scheduler] 2026-07-23T08:07:26.955Z Company Watchlist poll: checked=8
[scheduler] 2026-07-23T08:08:22.551Z Verification queue: verified=0 needsReview=0 closed=0 quarantined=0 scored=0 errors=0
[scheduler] 2026-07-23T08:10:22.558Z Verification queue: verified=0 needsReview=0 closed=0 quarantined=0 scored=0 errors=0
[scheduler] 2026-07-23T08:12:27.464Z CSV allowlist sync: 497 row(s): 0 created, 497 updated, 0 de-allowlisted
[scheduler] 2026-07-23T08:12:27.515Z Gmail application tracking: skipped (Gmail not connected)
[scheduler] 2026-07-23T08:12:27.535Z Verification queue: verified=0 needsReview=0 closed=0 quarantined=0 scored=0 errors=0
[scheduler] 2026-07-23T08:12:33.765Z Company Watchlist poll: checked=8
[scheduler] 2026-07-23T08:14:27.544Z Verification queue: verified=0 needsReview=0 closed=0 quarantined=0 scored=0 errors=0
[scheduler] 2026-07-23T08:16:27.558Z Verification queue: verified=0 needsReview=0 closed=0 quarantined=0 scored=0 errors=0
[scheduler] 2026-07-23T08:17:27.522Z Gmail application tracking: skipped (Gmail not connected)
[scheduler] 2026-07-23T08:17:31.690Z Company Watchlist poll: checked=8
[scheduler] 2026-07-23T08:18:27.571Z Verification queue: verified=0 needsReview=0 closed=0 quarantined=0 scored=0 errors=0
[scheduler] 2026-07-23T08:20:27.586Z Verification queue: verified=0 needsReview=0 closed=0 quarantined=0 scored=0 errors=0
[scheduler] 2026-07-23T08:22:27.532Z Gmail application tracking: skipped (Gmail not connected)
[scheduler] 2026-07-23T08:22:27.593Z Verification queue: verified=0 needsReview=0 closed=0 quarantined=0 scored=0 errors=0
[scheduler] 2026-07-23T08:22:34.233Z Company Watchlist poll: checked=8
[scheduler] 2026-07-23T08:24:27.605Z Verification queue: verified=0 needsReview=0 closed=0 quarantined=0 scored=0 errors=0
[scheduler] 2026-07-23T08:26:27.660Z Verification queue: verified=0 needsReview=0 closed=0 quarantined=0 scored=0 errors=0
[scheduler] 2026-07-23T08:27:27.539Z Gmail application tracking: skipped (Gmail not connected)
[scheduler] 2026-07-23T08:27:33.930Z Company Watchlist poll: checked=8
[scheduler] 2026-07-23T08:28:27.633Z Verification queue: verified=0 needsReview=0 closed=0 quarantined=0 scored=0 errors=0
[scheduler] 2026-07-23T08:30:27.635Z Verification queue: verified=0 needsReview=0 closed=0 quarantined=0 scored=0 errors=0
[scheduler] 2026-07-23T08:32:27.538Z Gmail application tracking: skipped (Gmail not connected)
[scheduler] 2026-07-23T08:32:27.648Z Verification queue: verified=0 needsReview=0 closed=0 quarantined=0 scored=0 errors=0
[scheduler] 2026-07-23T08:32:32.059Z Company Watchlist poll: checked=8
[scheduler] 2026-07-23T08:34:27.649Z Verification queue: verified=0 needsReview=0 closed=0 quarantined=0 scored=0 errors=0
